------------------------------------------------------------
Timing Analyzer Summary
------------------------------------------------------------

Type  : Slow 1200mV 85C Model Setup 'input_vector[0]'
Slack : -1.082
TNS   : -4.188

Type  : Slow 1200mV 85C Model Hold 'input_vector[0]'
Slack : 0.364
TNS   : 0.000

Type  : Slow 1200mV 85C Model Minimum Pulse Width 'input_vector[0]'
Slack : -3.000
TNS   : -16.383

Type  : Slow 1200mV 0C Model Setup 'input_vector[0]'
Slack : -0.882
TNS   : -3.351

Type  : Slow 1200mV 0C Model Hold 'input_vector[0]'
Slack : 0.325
TNS   : 0.000

Type  : Slow 1200mV 0C Model Minimum Pulse Width 'input_vector[0]'
Slack : -3.000
TNS   : -16.383

Type  : Fast 1200mV 0C Model Setup 'input_vector[0]'
Slack : 0.230
TNS   : 0.000

Type  : Fast 1200mV 0C Model Hold 'input_vector[0]'
Slack : 0.151
TNS   : 0.000

Type  : Fast 1200mV 0C Model Minimum Pulse Width 'input_vector[0]'
Slack : -3.000
TNS   : -12.486

------------------------------------------------------------
